[2026-06-10 12:47:35] To: testuser12346@example.com | OTP: 957451
[2026-06-10 13:42:36] To: bbanu2341@gmail.com | OTP: 832955
[2026-06-10 13:44:54] To: bbanu2341@gmail.com | OTP: 361466
[2026-06-10 13:45:43] To: dteugene2003@gmail.com | OTP: 688726
[2026-06-11 09:18:27] To: nila20040702@gmail.com | OTP: 942773
[2026-06-11 09:19:32] To: nila20040702@gmail.com | OTP: 336921
[2026-07-13 08:08:18] To: anjanaabeyrathne2@gmail.com | OTP: 594740
[2026-09-20 09:57:16] To: kani2345@gmail.com | OTP: 358956
[2026-09-20 10:06:29] To: test_unverified_1789891584@vendor.com | OTP: 579264
[2026-09-20 10:06:41] To: test_unverified_1789891584@vendor.com | OTP: 359107
[2026-09-20 10:10:50] To: kani12345@gmail.com | OTP: 308883
[2026-09-21 09:08:05] To: deferred_cust_1789974481@test.com | OTP: 384901
[2026-09-21 09:08:14] To: deferred_vend_1789974481@test.com | OTP: 402517
[2026-09-21 09:12:59] To: vijayapinthu03@gmail.com | OTP: 158278
[2026-09-21 09:15:47] To: vijayapinthu03@gmail.com | OTP: 193424
[2026-09-21 09:19:37] To: bbanu2341@gmail.com | OTP: 123456
[2026-09-21 09:28:23] To: bbanu2341@gmail.com | OTP: 123456
[2026-09-21 09:29:50] To: otp_test_1789975786@test.com | OTP: 546108
[2026-09-21 09:34:43] To: vijayapinthu03@gmail.com | OTP: 580901
[2026-09-21 09:37:02] To: vijayapinthuja@gmail.com | OTP: 747844
[2026-09-21 09:40:51] To: fahafathima90@gmail.com | OTP: 598258
[2026-09-21 09:55:50] To: iit23093@std.uwu.ac.lk | OTP: 223602
[2026-09-21 09:56:26] To: iit23093@std.uwu.ac.lk | OTP: 676359
[2026-09-21 09:59:05] To: vijayapinth03@gmail.com | OTP: 274437
[2026-09-21 10:04:21] To: test@example.com | OTP: 123456
[2026-09-21 10:09:47] To: admin@washease.com | OTP: 850855
[2026-09-21 10:12:44] To: vijayapinth03@gmail.com | OTP: 828278
[2026-09-21 12:12:37] To: fahafathima90@gmail.com | OTP: 274241
[2026-09-21 12:17:42] To: fahafathima90@gmail.com | OTP: 654321
